// Jest Snapshot v1, https://goo.gl/fbAQLP

exports[`search test 1`] = `
<DocumentFragment>
  <div
    class="search"
  >
    <input
      class="input"
      value=""
    />
    <div
      class="confirm"
    >
      <button
        class="large 
              red"
        type=""
      >
        SEARCH
      </button>
    </div>
  </div>
</DocumentFragment>
`;
